\BOOKMARK [1][-]{section.1}{\376\377\000I\000n\000t\000r\000o\000d\000u\000c\000t\000i\000o\000n}{}% 1
\BOOKMARK [2][-]{subsection.1.1}{\376\377\000C\000o\000n\000t\000r\000i\000b\000u\000t\000i\000o\000n\000s}{section.1}% 2
\BOOKMARK [1][-]{section.2}{\376\377\000D\000a\000t\000a\000\040\000a\000n\000d\000\040\000E\000x\000p\000l\000o\000r\000a\000t\000o\000r\000y\000\040\000A\000n\000a\000l\000y\000s\000i\000s}{}% 3
\BOOKMARK [1][-]{section.3}{\376\377\000P\000r\000o\000p\000o\000s\000e\000d\000\040\000M\000o\000d\000e\000l}{}% 4
\BOOKMARK [2][-]{subsection.3.1}{\376\377\000L\000i\000k\000e\000l\000i\000h\000o\000o\000d}{section.3}% 5
\BOOKMARK [2][-]{subsection.3.2}{\376\377\000P\000l\000a\000y\000e\000r\000\040\000S\000p\000e\000c\000i\000f\000i\000c\000\040\000L\000a\000t\000e\000n\000t\000\040\000V\000a\000r\000i\000a\000b\000l\000e\000s}{section.3}% 6
\BOOKMARK [2][-]{subsection.3.3}{\376\377\000A\000\040\000N\000o\000n\000-\000P\000a\000r\000a\000m\000e\000t\000r\000i\000c\000\040\000P\000r\000i\000o\000r\000\040\000f\000o\000r\000\040\000C\000o\000n\000c\000a\000v\000e\000\040\000F\000u\000n\000c\000t\000i\000o\000n\000s}{section.3}% 7
\BOOKMARK [3][-]{subsubsection.3.3.1}{\376\377\000R\000e\000p\000a\000r\000a\000m\000e\000t\000e\000r\000i\000z\000i\000n\000g\000\040\000t\000h\000e\000\040\000C\000o\000n\000c\000a\000v\000e\000\040\000P\000r\000o\000c\000e\000s\000s}{subsection.3.3}% 8
\BOOKMARK [3][-]{subsubsection.3.3.2}{\376\377\000M\000o\000d\000e\000l\000i\000n\000g\000\040\000D\000e\000p\000e\000n\000d\000e\000n\000c\000e\000\040\000A\000c\000r\000o\000s\000s\000\040\000C\000o\000n\000c\000a\000v\000e\000\040\000P\000r\000o\000c\000e\000s\000s\000e\000s}{subsection.3.3}% 9
\BOOKMARK [1][-]{section.4}{\376\377\000I\000n\000f\000e\000r\000e\000n\000c\000e\000\040\000a\000n\000d\000\040\000H\000y\000p\000e\000r\000p\000a\000r\000a\000m\000e\000t\000e\000r\000\040\000S\000e\000l\000e\000c\000t\000i\000o\000n}{}% 10
\BOOKMARK [2][-]{paragraph.4.0.0.1}{\376\377\000P\000r\000o\000c\000r\000u\000s\000t\000e\000s\000\040\000a\000l\000i\000g\000n\000m\000e\000n\000t\000\040\000f\000o\000r\000\040\000L\000a\000t\000e\000n\000t\000\040\000S\000p\000a\000c\000e\000\040\000P\000o\000s\000t\000e\000r\000i\000o\000r\000\040\000A\000n\000a\000l\000y\000s\000i\000s}{section.4}% 11
\BOOKMARK [3][-]{paragraph.4.0.0.2}{\376\377\000P\000o\000s\000t\000e\000r\000i\000o\000r\000\040\000P\000r\000e\000d\000i\000c\000t\000i\000v\000e\000\040\000G\000e\000n\000e\000r\000a\000t\000i\000o\000n}{paragraph.4.0.0.1}% 12
\BOOKMARK [1][-]{section.5}{\376\377\000R\000e\000s\000u\000l\000t\000s}{}% 13
\BOOKMARK [2][-]{subsection.5.1}{\376\377\000M\000o\000d\000e\000l\000\040\000V\000a\000l\000i\000d\000a\000t\000i\000o\000n}{section.5}% 14
\BOOKMARK [2][-]{subsection.5.2}{\376\377\000E\000x\000a\000m\000p\000l\000e\000\040\000P\000o\000s\000t\000e\000r\000i\000o\000r\000\040\000C\000u\000r\000v\000e\000s}{section.5}% 15
\BOOKMARK [2][-]{subsection.5.3}{\376\377\000U\000n\000c\000o\000v\000e\000r\000i\000n\000g\000\040\000M\000e\000t\000r\000i\000c\000\040\000R\000e\000l\000a\000t\000i\000o\000n\000s\000h\000i\000p\000s}{section.5}% 16
\BOOKMARK [2][-]{subsection.5.4}{\376\377\000E\000a\000r\000l\000y\000\040\000I\000d\000e\000n\000t\000i\000f\000i\000c\000a\000t\000i\000o\000n\000\040\000o\000f\000\040\000P\000e\000a\000k\000\040\000P\000e\000r\000f\000o\000r\000m\000e\000r\000s\000\040\000a\000n\000d\000\040\000D\000r\000a\000f\000t\000\040\000E\000v\000a\000l\000u\000a\000t\000i\000o\000n}{section.5}% 17
\BOOKMARK [1][-]{section.6}{\376\377\000C\000o\000n\000c\000l\000u\000s\000i\000o\000n\000\040\000a\000n\000d\000\040\000F\000u\000t\000u\000r\000e\000\040\000W\000o\000r\000k}{}% 18
\BOOKMARK [2][-]{paragraph.6.0.0.1}{\376\377\000F\000u\000t\000u\000r\000e\000\040\000d\000i\000r\000e\000c\000t\000i\000o\000n\000s}{section.6}% 19
\BOOKMARK [1][-]{section*.10}{\376\377\000R\000e\000f\000e\000r\000e\000n\000c\000e\000s}{}% 20
\BOOKMARK [1][-]{section.7}{\376\377\000A\000p\000p\000e\000n\000d\000i\000x}{}% 21
\BOOKMARK [2][-]{subsection.7.1}{\376\377\000A\000r\000c\000h\000e\000t\000y\000p\000e\000\040\000D\000i\000s\000c\000o\000v\000e\000r\000y\000\040\000v\000i\000a\000\040\000H\000i\000e\000r\000a\000r\000c\000h\000i\000c\000a\000l\000\040\000C\000l\000u\000s\000t\000e\000r\000i\000n\000g}{section.7}% 22
\BOOKMARK [2][-]{subsection.7.2}{\376\377\000P\000e\000a\000k\000-\000V\000a\000l\000u\000e\000\040\000P\000r\000i\000n\000c\000i\000p\000a\000l\000\040\000C\000o\000m\000p\000o\000n\000e\000n\000t\000s}{section.7}% 23
\BOOKMARK [2][-]{subsection.7.3}{\376\377\000P\000r\000i\000o\000r\000\040\000S\000p\000e\000c\000i\000f\000i\000c\000a\000t\000i\000o\000n\000s}{section.7}% 24
\BOOKMARK [3][-]{subsubsection.7.3.1}{\376\377\000G\000e\000n\000e\000r\000a\000t\000i\000v\000e\000\040\000M\000o\000d\000e\000l}{subsection.7.3}% 25
\BOOKMARK [3][-]{table.caption.18}{\376\377\000M\000o\000d\000e\000l\000\040\000P\000r\000i\000o\000r\000s}{subsection.7.3}% 26
\BOOKMARK [3][-]{subsubsection.7.3.3}{\376\377\000L\000a\000t\000e\000n\000t\000\040\000E\000m\000b\000e\000d\000d\000i\000n\000g\000\040\000P\000r\000i\000o\000r}{subsection.7.3}% 27
\BOOKMARK [2][-]{subsection.7.4}{\376\377\000C\000a\000r\000e\000e\000r\000\040\000D\000u\000r\000a\000t\000i\000o\000n\000\040\000F\000o\000r\000m\000u\000l\000a\000t\000i\000o\000n}{section.7}% 28
\BOOKMARK [2][-]{subsection.7.5}{\376\377\000R\000a\000n\000d\000o\000m\000\040\000F\000o\000u\000r\000i\000e\000r\000\040\000F\000e\000a\000t\000u\000r\000e\000\040\000L\000a\000t\000e\000n\000t\000\040\000P\000r\000o\000j\000e\000c\000t\000i\000o\000n}{section.7}% 29
\BOOKMARK [2][-]{subsection.7.6}{\376\377\000A\000R\000\040\000B\000a\000s\000e\000l\000i\000n\000e\000\040\000C\000o\000m\000p\000a\000r\000i\000s\000o\000n}{section.7}% 30
\BOOKMARK [2][-]{subsection.7.7}{\376\377\000F\000u\000l\000l\000\040\000M\000o\000d\000e\000l\000\040\000C\000o\000m\000p\000a\000r\000i\000s\000o\000n\000\040\000T\000a\000b\000l\000e\000s}{section.7}% 31
\BOOKMARK [2][-]{subsection.7.8}{\376\377\000M\000o\000d\000e\000l\000\040\000V\000a\000l\000i\000d\000a\000t\000i\000o\000n}{section.7}% 32
\BOOKMARK [2][-]{subsection.7.9}{\376\377\000L\000a\000t\000e\000n\000t\000\040\000D\000i\000m\000e\000n\000s\000i\000o\000n\000\040\000A\000b\000l\000a\000t\000i\000o\000n}{section.7}% 33
\BOOKMARK [2][-]{subsection.7.10}{\376\377\000M\000C\000M\000C\000\040\000C\000o\000n\000v\000e\000r\000g\000e\000n\000c\000e\000\040\000D\000i\000a\000g\000n\000o\000s\000t\000i\000c\000s}{section.7}% 34
\BOOKMARK [2][-]{subsection.7.11}{\376\377\000G\000r\000a\000p\000h\000i\000c\000a\000l\000\040\000M\000o\000d\000e\000l}{section.7}% 35
\BOOKMARK [2][-]{table.caption.63}{\376\377\000D\000i\000s\000t\000r\000i\000b\000u\000t\000i\000o\000n\000a\000l\000\040\000A\000s\000s\000u\000m\000p\000t\000i\000o\000n\000s\000\040\000f\000o\000r\000\040\000O\000b\000s\000e\000r\000v\000a\000t\000i\000o\000n\000\040\000M\000o\000d\000e\000l}{section.7}% 36
\BOOKMARK [2][-]{subsection.7.13}{\376\377\000H\000i\000l\000b\000e\000r\000t\000\040\000S\000p\000a\000c\000e\000\040\000G\000a\000u\000s\000s\000i\000a\000n\000\040\000P\000r\000o\000c\000e\000s\000s\000e\000s}{section.7}% 37
\BOOKMARK [2][-]{subsection.7.14}{\376\377\000A\000p\000p\000r\000o\000x\000i\000m\000a\000t\000i\000n\000g\000\040\000a\000\040\000S\000e\000p\000a\000r\000a\000b\000l\000e\000\040\000K\000e\000r\000n\000e\000l}{section.7}% 38
\BOOKMARK [2][-]{subsection.7.15}{\376\377\000E\000n\000f\000o\000r\000c\000i\000n\000g\000\040\000C\000o\000n\000c\000a\000v\000i\000t\000y}{section.7}% 39
\BOOKMARK [3][-]{subsubsection.7.15.1}{\376\377\000V\000a\000l\000i\000d\000i\000t\000y\000\040\000o\000f\000\040\000P\000r\000i\000o\000r}{subsection.7.15}% 40
\BOOKMARK [3][-]{subsubsection.7.15.2}{\376\377\000U\000n\000i\000v\000a\000r\000i\000a\000t\000e\000\040\000C\000a\000s\000e}{subsection.7.15}% 41
\BOOKMARK [3][-]{subsubsection.7.15.3}{\376\377\000P\000r\000o\000p\000e\000r\000t\000i\000e\000s\000\040\000o\000f\000\040\000t\000h\000e\000\040\000C\000o\000n\000c\000a\000v\000e\000\040\000P\000r\000i\000o\000r}{subsection.7.15}% 42
\BOOKMARK [3][-]{subsubsection.7.15.4}{\376\377\000M\000u\000l\000t\000i\000v\000a\000r\000i\000a\000t\000e\000\040\000C\000a\000s\000e}{subsection.7.15}% 43
\BOOKMARK [3][-]{subsubsection.7.15.5}{\376\377\000C\000o\000n\000t\000r\000o\000l\000l\000i\000n\000g\000\040\000t\000h\000e\000\040\000P\000e\000a\000k\000\040\000B\000e\000h\000a\000v\000i\000o\000r}{subsection.7.15}% 44
\BOOKMARK [3][-]{subsubsection.7.15.6}{\376\377\000C\000o\000n\000v\000e\000r\000g\000e\000n\000c\000e\000\040\000o\000f\000\040\000t\000h\000e\000\040\000P\000u\000s\000h\000-\000F\000o\000r\000w\000a\000r\000d\000\040\000H\000S\000G\000P\000\040\000A\000p\000p\000r\000o\000x\000i\000m\000a\000t\000i\000o\000n}{subsection.7.15}% 45
\BOOKMARK [2][-]{subsection.7.16}{\376\377\000C\000o\000n\000v\000e\000x\000i\000t\000y\000\040\000F\000o\000r\000m\000u\000l\000a\000t\000i\000o\000n\000\040\000P\000r\000o\000p\000e\000r\000t\000i\000e\000s}{section.7}% 46
\BOOKMARK [3][-]{subsubsection.7.16.1}{\376\377\000S\000e\000p\000a\000r\000a\000b\000i\000l\000i\000t\000y}{subsection.7.16}% 47
\BOOKMARK [3][-]{subsubsection.7.16.2}{\376\377\000E\000x\000p\000e\000c\000t\000a\000t\000i\000o\000n}{subsection.7.16}% 48
\BOOKMARK [3][-]{subsubsection.7.16.3}{\376\377\000V\000a\000r\000i\000a\000n\000c\000e}{subsection.7.16}% 49
\BOOKMARK [2][-]{figure.caption.71}{\376\377\000A\000d\000d\000i\000t\000i\000o\000n\000a\000l\000\040\000F\000i\000g\000u\000r\000e\000s\000\040\000a\000n\000d\000\040\000T\000a\000b\000l\000e\000s}{section.7}% 50
